Archive member included to satisfy reference by file (symbol)

c:/ac6/systemworkbench/plugins/fr.ac6.mcu.externaltools.arm-none.win32_1.13.3.201707031232/tools/compiler/bin/../lib/gcc/arm-none-eabi/5.4.1/armv7-m\libgcc.a(_arm_addsubdf3.o)
                              Src/main.o (__aeabi_i2d)
c:/ac6/systemworkbench/plugins/fr.ac6.mcu.externaltools.arm-none.win32_1.13.3.201707031232/tools/compiler/bin/../lib/gcc/arm-none-eabi/5.4.1/armv7-m\libgcc.a(_arm_muldivdf3.o)
                              Src/main.o (__aeabi_dmul)
c:/ac6/systemworkbench/plugins/fr.ac6.mcu.externaltools.arm-none.win32_1.13.3.201707031232/tools/compiler/bin/../lib/gcc/arm-none-eabi/5.4.1/armv7-m\libgcc.a(_arm_truncdfsf2.o)
                              Src/main.o (__aeabi_d2f)
c:/ac6/systemworkbench/plugins/fr.ac6.mcu.externaltools.arm-none.win32_1.13.3.201707031232/tools/compiler/bin/../lib/gcc/arm-none-eabi/5.4.1/../../../../arm-none-eabi/lib/armv7-m\libc_nano.a(lib_a-exit.o)
                              c:/ac6/systemworkbench/plugins/fr.ac6.mcu.externaltools.arm-none.win32_1.13.3.201707031232/tools/compiler/bin/../lib/gcc/arm-none-eabi/5.4.1/../../../../arm-none-eabi/lib/armv7-m/crt0.o (exit)
c:/ac6/systemworkbench/plugins/fr.ac6.mcu.externaltools.arm-none.win32_1.13.3.201707031232/tools/compiler/bin/../lib/gcc/arm-none-eabi/5.4.1/../../../../arm-none-eabi/lib/armv7-m\libc_nano.a(lib_a-impure.o)
                              c:/ac6/systemworkbench/plugins/fr.ac6.mcu.externaltools.arm-none.win32_1.13.3.201707031232/tools/compiler/bin/../lib/gcc/arm-none-eabi/5.4.1/../../../../arm-none-eabi/lib/armv7-m\libc_nano.a(lib_a-exit.o) (_global_impure_ptr)
c:/ac6/systemworkbench/plugins/fr.ac6.mcu.externaltools.arm-none.win32_1.13.3.201707031232/tools/compiler/bin/../lib/gcc/arm-none-eabi/5.4.1/../../../../arm-none-eabi/lib/armv7-m\libc_nano.a(lib_a-init.o)
                              c:/ac6/systemworkbench/plugins/fr.ac6.mcu.externaltools.arm-none.win32_1.13.3.201707031232/tools/compiler/bin/../lib/gcc/arm-none-eabi/5.4.1/../../../../arm-none-eabi/lib/armv7-m/crt0.o (__libc_init_array)
c:/ac6/systemworkbench/plugins/fr.ac6.mcu.externaltools.arm-none.win32_1.13.3.201707031232/tools/compiler/bin/../lib/gcc/arm-none-eabi/5.4.1/../../../../arm-none-eabi/lib/armv7-m\libc_nano.a(lib_a-memset.o)
                              c:/ac6/systemworkbench/plugins/fr.ac6.mcu.externaltools.arm-none.win32_1.13.3.201707031232/tools/compiler/bin/../lib/gcc/arm-none-eabi/5.4.1/../../../../arm-none-eabi/lib/armv7-m/crt0.o (memset)
c:/ac6/systemworkbench/plugins/fr.ac6.mcu.externaltools.arm-none.win32_1.13.3.201707031232/tools/compiler/bin/../lib/gcc/arm-none-eabi/5.4.1/../../../../arm-none-eabi/lib/armv7-m\libnosys.a(_exit.o)
                              c:/ac6/systemworkbench/plugins/fr.ac6.mcu.externaltools.arm-none.win32_1.13.3.201707031232/tools/compiler/bin/../lib/gcc/arm-none-eabi/5.4.1/../../../../arm-none-eabi/lib/armv7-m\libc_nano.a(lib_a-exit.o) (_exit)

Allocating common symbols
Common symbol       size              file

Modbus_Counter_DMA_Tx_index
                    0x1               Src/Kalibrator.o
NapiecieADC         0x10              Src/main.o
Modbus_Buffor_Tab   0x14              Src/Kalibrator.o
PomiarADC           0x8               Src/main.o
htim10              0x38              Src/tim.o
Modbus_Flaga_DMA_Rx
                    0x1               Src/Kalibrator.o
uwTick              0x4               Drivers/STM32L1xx_HAL_Driver/Src/stm32l1xx_hal.o
pFlash              0x18              Drivers/STM32L1xx_HAL_Driver/Src/stm32l1xx_hal_flash.o
SPI_Data            0x2               Src/Kalibrator.o
Modbus_Register1    0xc8              Src/Kalibrator.o
hdma_usart1_tx      0x44              Src/usart.o
hdma_usart1_rx      0x44              Src/usart.o
huart1              0x40              Src/usart.o
RealADC             0x10              Src/main.o
Modbus_Buffor_Temp  0x1               Src/Kalibrator.o
SPI1_Data_Received  0x1               Src/main.o
AD5293_Value        0x2               Src/AD5293.o
hspi1               0x58              Src/spi.o
hdma_adc            0x44              Src/adc.o
hadc                0x54              Src/adc.o
Modbus_index        0x1               Src/Kalibrator.o

Discarded input sections

 .text          0x00000000        0x0 c:/ac6/systemworkbench/plugins/fr.ac6.mcu.externaltools.arm-none.win32_1.13.3.201707031232/tools/compiler/bin/../lib/gcc/arm-none-eabi/5.4.1/armv7-m/crti.o
 .data          0x00000000        0x0 c:/ac6/systemworkbench/plugins/fr.ac6.mcu.externaltools.arm-none.win32_1.13.3.201707031232/tools/compiler/bin/../lib/gcc/arm-none-eabi/5.4.1/armv7-m/crti.o
 .bss           0x00000000        0x0 c:/ac6/systemworkbench/plugins/fr.ac6.mcu.externaltools.arm-none.win32_1.13.3.201707031232/tools/compiler/bin/../lib/gcc/arm-none-eabi/5.4.1/armv7-m/crti.o
[...]
Memory Configuration

Name             Origin             Length             Attributes
RAM              0x20000000         0x00008000         xrw
FLASH            0x08000000         0x00040000         xr
*default*        0x00000000         0xffffffff

Linker script and memory map

LOAD c:/ac6/systemworkbench/plugins/fr.ac6.mcu.externaltools.arm-none.win32_1.13.3.201707031232/tools/compiler/bin/../lib/gcc/arm-none-eabi/5.4.1/armv7-m/crti.o
LOAD c:/ac6/systemworkbench/plugins/fr.ac6.mcu.externaltools.arm-none.win32_1.13.3.201707031232/tools/compiler/bin/../lib/gcc/arm-none-eabi/5.4.1/armv7-m/crtbegin.o
LOAD c:/ac6/systemworkbench/plugins/fr.ac6.mcu.externaltools.arm-none.win32_1.13.3.201707031232/tools/compiler/bin/../lib/gcc/arm-none-eabi/5.4.1/../../../../arm-none-eabi/lib/armv7-m/crt0.o
LOAD Drivers/STM32L1xx_HAL_Driver/Src/stm32l1xx_hal.o
LOAD Drivers/STM32L1xx_HAL_Driver/Src/stm32l1xx_hal_adc.o
LOAD Drivers/STM32L1xx_HAL_Driver/Src/stm32l1xx_hal_adc_ex.o
LOAD Drivers/STM32L1xx_HAL_Driver/Src/stm32l1xx_hal_cortex.o
LOAD Drivers/STM32L1xx_HAL_Driver/Src/stm32l1xx_hal_dma.o
LOAD Drivers/STM32L1xx_HAL_Driver/Src/stm32l1xx_hal_flash.o
LOAD Drivers/STM32L1xx_HAL_Driver/Src/stm32l1xx_hal_flash_ex.o
LOAD Drivers/STM32L1xx_HAL_Driver/Src/stm32l1xx_hal_flash_ramfunc.o
LOAD Drivers/STM32L1xx_HAL_Driver/Src/stm32l1xx_hal_gpio.o
LOAD Drivers/STM32L1xx_HAL_Driver/Src/stm32l1xx_hal_pwr.o
LOAD Drivers/STM32L1xx_HAL_Driver/Src/stm32l1xx_hal_pwr_ex.o
LOAD Drivers/STM32L1xx_HAL_Driver/Src/stm32l1xx_hal_rcc.o
LOAD Drivers/STM32L1xx_HAL_Driver/Src/stm32l1xx_hal_rcc_ex.o
LOAD Drivers/STM32L1xx_HAL_Driver/Src/stm32l1xx_hal_spi.o
LOAD Drivers/STM32L1xx_HAL_Driver/Src/stm32l1xx_hal_spi_ex.o
LOAD Drivers/STM32L1xx_HAL_Driver/Src/stm32l1xx_hal_tim.o
LOAD Drivers/STM32L1xx_HAL_Driver/Src/stm32l1xx_hal_tim_ex.o
LOAD Drivers/STM32L1xx_HAL_Driver/Src/stm32l1xx_hal_uart.o
LOAD Src/AD5293.o
LOAD Src/Kalibrator.o
LOAD Src/Modbus.o
LOAD Src/adc.o
LOAD Src/dma.o
LOAD Src/gpio.o
LOAD Src/main.o
LOAD Src/spi.o
LOAD Src/stm32l1xx_hal_msp.o
LOAD Src/stm32l1xx_it.o
LOAD Src/system_stm32l1xx.o
LOAD Src/tim.o
LOAD Src/usart.o
LOAD startup/startup_stm32l151xc.o
LOAD c:/ac6/systemworkbench/plugins/fr.ac6.mcu.externaltools.arm-none.win32_1.13.3.201707031232/tools/compiler/bin/../lib/gcc/arm-none-eabi/5.4.1/../../../../arm-none-eabi/lib/armv7-m\libm.a
START GROUP
LOAD c:/ac6/systemworkbench/plugins/fr.ac6.mcu.externaltools.arm-none.win32_1.13.3.201707031232/tools/compiler/bin/../lib/gcc/arm-none-eabi/5.4.1/armv7-m\libgcc.a
LOAD c:/ac6/systemworkbench/plugins/fr.ac6.mcu.externaltools.arm-none.win32_1.13.3.201707031232/tools/compiler/bin/../lib/gcc/arm-none-eabi/5.4.1/../../../../arm-none-eabi/lib/armv7-m\libc_nano.a
END GROUP
START GROUP
LOAD c:/ac6/systemworkbench/plugins/fr.ac6.mcu.externaltools.arm-none.win32_1.13.3.201707031232/tools/compiler/bin/../lib/gcc/arm-none-eabi/5.4.1/armv7-m\libgcc.a
LOAD c:/ac6/systemworkbench/plugins/fr.ac6.mcu.externaltools.arm-none.win32_1.13.3.201707031232/tools/compiler/bin/../lib/gcc/arm-none-eabi/5.4.1/../../../../arm-none-eabi/lib/armv7-m\libc_nano.a
LOAD c:/ac6/systemworkbench/plugins/fr.ac6.mcu.externaltools.arm-none.win32_1.13.3.201707031232/tools/compiler/bin/../lib/gcc/arm-none-eabi/5.4.1/../../../../arm-none-eabi/lib/armv7-m\libnosys.a
END GROUP
START GROUP
LOAD c:/ac6/systemworkbench/plugins/fr.ac6.mcu.externaltools.arm-none.win32_1.13.3.201707031232/tools/compiler/bin/../lib/gcc/arm-none-eabi/5.4.1/armv7-m\libgcc.a
LOAD c:/ac6/systemworkbench/plugins/fr.ac6.mcu.externaltools.arm-none.win32_1.13.3.201707031232/tools/compiler/bin/../lib/gcc/arm-none-eabi/5.4.1/../../../../arm-none-eabi/lib/armv7-m\libc_nano.a
LOAD c:/ac6/systemworkbench/plugins/fr.ac6.mcu.externaltools.arm-none.win32_1.13.3.201707031232/tools/compiler/bin/../lib/gcc/arm-none-eabi/5.4.1/../../../../arm-none-eabi/lib/armv7-m\libnosys.a
END GROUP
LOAD c:/ac6/systemworkbench/plugins/fr.ac6.mcu.externaltools.arm-none.win32_1.13.3.201707031232/tools/compiler/bin/../lib/gcc/arm-none-eabi/5.4.1/armv7-m/crtend.o
LOAD c:/ac6/systemworkbench/plugins/fr.ac6.mcu.externaltools.arm-none.win32_1.13.3.201707031232/tools/compiler/bin/../lib/gcc/arm-none-eabi/5.4.1/armv7-m/crtn.o
                0x20008000                _estack = 0x20008000
                0x00000200                _Min_Heap_Size = 0x200
                0x00000400                _Min_Stack_Size = 0x400

.isr_vector     0x08000000      0x13c
                0x08000000                . = ALIGN (0x4)
 *(.isr_vector)
 .isr_vector    0x08000000      0x13c startup/startup_stm32l151xc.o
                0x08000000                g_pfnVectors
                0x0800013c                . = ALIGN (0x4)

.text           0x08000140     0x3d04
                0x08000140                . = ALIGN (0x4)
 *(.text)
 .text          0x08000140       0x5c c:/ac6/systemworkbench/plugins/fr.ac6.mcu.externaltools.arm-none.win32_1.13.3.201707031232/tools/compiler/bin/../lib/gcc/arm-none-eabi/5.4.1/armv7-m/crtbegin.o
 .text          0x0800019c      0x370 c:/ac6/systemworkbench/plugins/fr.ac6.mcu.externaltools.arm-none.win32_1.13.3.201707031232/tools/compiler/bin/../lib/gcc/arm-none-eabi/5.4.1/armv7-m\libgcc.a(_arm_addsubdf3.o)
                0x0800019c                __aeabi_drsub
                0x080001a4                __aeabi_dsub
                0x080001a4                __subdf3
                0x080001a8                __aeabi_dadd
                0x080001a8                __adddf3
                0x08000420                __floatunsidf
                0x08000420                __aeabi_ui2d
                0x08000440                __floatsidf
                0x08000440                __aeabi_i2d
                0x08000464                __aeabi_f2d
                0x08000464                __extendsfdf2
                0x080004a0                __floatundidf
                0x080004a0                __aeabi_ul2d
                0x080004b0                __floatdidf
                0x080004b0                __aeabi_l2d
 .text          0x0800050c      0x424 c:/ac6/systemworkbench/plugins/fr.ac6.mcu.externaltools.arm-none.win32_1.13.3.201707031232/tools/compiler/bin/../lib/gcc/arm-none-eabi/5.4.1/armv7-m\libgcc.a(_arm_muldivdf3.o)
                0x0800050c                __aeabi_dmul
                0x0800050c                __muldf3
                0x08000760                __divdf3
                0x08000760                __aeabi_ddiv
 .text          0x08000930       0xa0 c:/ac6/systemworkbench/plugins/fr.ac6.mcu.externaltools.arm-none.win32_1.13.3.201707031232/tools/compiler/bin/../lib/gcc/arm-none-eabi/5.4.1/armv7-m\libgcc.a(_arm_truncdfsf2.o)
                0x08000930                __truncdfsf2
                0x08000930                __aeabi_d2f
 *(.text*)
 .text.HAL_InitTick
                0x080009d0       0x2c Drivers/STM32L1xx_HAL_Driver/Src/stm32l1xx_hal.o
                0x080009d0                HAL_InitTick
 .text.HAL_Init
                0x080009fc       0x18 Drivers/STM32L1xx_HAL_Driver/Src/stm32l1xx_hal.o
                0x080009fc                HAL_Init
 .text.HAL_IncTick
                0x08000a14       0x10 Drivers/STM32L1xx_HAL_Driver/Src/stm32l1xx_hal.o
                0x08000a14                HAL_IncTick
 .text.HAL_GetTick
                0x08000a24        0xc Drivers/STM32L1xx_HAL_Driver/Src/stm32l1xx_hal.o
                0x08000a24                HAL_GetTick
 .text.HAL_Delay
                0x08000a30       0x1c Drivers/STM32L1xx_HAL_Driver/Src/stm32l1xx_hal.o
                0x08000a30                HAL_Delay
 .text.HAL_ADC_Init
                0x08000a4c      0x190 Drivers/STM32L1xx_HAL_Driver/Src/stm32l1xx_hal_adc.o
                0x08000a4c                HAL_ADC_Init
 .text.HAL_ADC_ConvCpltCallback
                0x08000bdc        0x4 Drivers/STM32L1xx_HAL_Driver/Src/stm32l1xx_hal_adc.o
                0x08000bdc                HAL_ADC_ConvCpltCallback
 .text.ADC_DMAConvCplt
                0x08000be0       0x64 Drivers/STM32L1xx_HAL_Driver/Src/stm32l1xx_hal_adc.o
 .text.HAL_ADC_ConvHalfCpltCallback
                0x08000c44        0x4 Drivers/STM32L1xx_HAL_Driver/Src/stm32l1xx_hal_adc.o
                0x08000c44                HAL_ADC_ConvHalfCpltCallback
 .text.ADC_DMAHalfConvCplt
                0x08000c48        0xc Drivers/STM32L1xx_HAL_Driver/Src/stm32l1xx_hal_adc.o
 .text.HAL_ADC_ErrorCallback
                0x08000c54        0x4 Drivers/STM32L1xx_HAL_Driver/Src/stm32l1xx_hal_adc.o
                0x08000c54                HAL_ADC_ErrorCallback
 .text.ADC_DMAError
                0x08000c58       0x1c Drivers/STM32L1xx_HAL_Driver/Src/stm32l1xx_hal_adc.o
 .text.HAL_ADC_ConfigChannel
                0x08000c74      0x190 Drivers/STM32L1xx_HAL_Driver/Src/stm32l1xx_hal_adc.o
                0x08000c74                HAL_ADC_ConfigChannel
 .text.ADC_Enable
                0x08000e04       0x84 Drivers/STM32L1xx_HAL_Driver/Src/stm32l1xx_hal_adc.o
                0x08000e04                ADC_Enable
 .text.HAL_ADC_Start_DMA
                0x08000e88       0xcc Drivers/STM32L1xx_HAL_Driver/Src/stm32l1xx_hal_adc.o
                0x08000e88                HAL_ADC_Start_DMA
 .text.HAL_NVIC_SetPriorityGrouping
                0x08000f54       0x24 Drivers/STM32L1xx_HAL_Driver/Src/stm32l1xx_hal_cortex.o
                0x08000f54                HAL_NVIC_SetPriorityGrouping
 .text.HAL_NVIC_SetPriority
                0x08000f78       0x64 Drivers/STM32L1xx_HAL_Driver/Src/stm32l1xx_hal_cortex.o
                0x08000f78                HAL_NVIC_SetPriority
 .text.HAL_NVIC_EnableIRQ
                0x08000fdc       0x18 Drivers/STM32L1xx_HAL_Driver/Src/stm32l1xx_hal_cortex.o
                0x08000fdc                HAL_NVIC_EnableIRQ
 .text.HAL_SYSTICK_Config
                0x08000ff4       0x2c Drivers/STM32L1xx_HAL_Driver/Src/stm32l1xx_hal_cortex.o
                0x08000ff4                HAL_SYSTICK_Config
 .text.HAL_SYSTICK_CLKSourceConfig
                0x08001020       0x20 Drivers/STM32L1xx_HAL_Driver/Src/stm32l1xx_hal_cortex.o
                0x08001020                HAL_SYSTICK_CLKSourceConfig
 .text.HAL_SYSTICK_Callback
                0x08001040        0x4 Drivers/STM32L1xx_HAL_Driver/Src/stm32l1xx_hal_cortex.o
                0x08001040                HAL_SYSTICK_Callback
 .text.HAL_SYSTICK_IRQHandler
                0x08001044        0x8 Drivers/STM32L1xx_HAL_Driver/Src/stm32l1xx_hal_cortex.o
                0x08001044                HAL_SYSTICK_IRQHandler
 .text.DMA_SetConfig
                0x0800104c       0x2c Drivers/STM32L1xx_HAL_Driver/Src/stm32l1xx_hal_dma.o
 .text.HAL_DMA_Init
                0x08001078       0xa4 Drivers/STM32L1xx_HAL_Driver/Src/stm32l1xx_hal_dma.o
                0x08001078                HAL_DMA_Init
 .text.HAL_DMA_Start_IT
                0x0800111c       0x78 Drivers/STM32L1xx_HAL_Driver/Src/stm32l1xx_hal_dma.o
                0x0800111c                HAL_DMA_Start_IT
 .text.HAL_DMA_IRQHandler
                0x08001194       0xb4 Drivers/STM32L1xx_HAL_Driver/Src/stm32l1xx_hal_dma.o
                0x08001194                HAL_DMA_IRQHandler
 .text.HAL_GPIO_Init
                0x08001248      0x194 Drivers/STM32L1xx_HAL_Driver/Src/stm32l1xx_hal_gpio.o
                0x08001248                HAL_GPIO_Init
 .text.HAL_GPIO_WritePin
                0x080013dc        0xc Drivers/STM32L1xx_HAL_Driver/Src/stm32l1xx_hal_gpio.o
                0x080013dc                HAL_GPIO_WritePin
 .text.HAL_GPIO_TogglePin
                0x080013e8        0x8 Drivers/STM32L1xx_HAL_Driver/Src/stm32l1xx_hal_gpio.o
                0x080013e8                HAL_GPIO_TogglePin
 .text.HAL_GPIO_EXTI_IRQHandler
                0x080013f0       0x18 Drivers/STM32L1xx_HAL_Driver/Src/stm32l1xx_hal_gpio.o
                0x080013f0                HAL_GPIO_EXTI_IRQHandler
 .text.RCC_SetFlashLatencyFromMSIRange
                0x08001408       0x98 Drivers/STM32L1xx_HAL_Driver/Src/stm32l1xx_hal_rcc.o
 .text.HAL_RCC_OscConfig
                0x080014a0      0x7a0 Drivers/STM32L1xx_HAL_Driver/Src/stm32l1xx_hal_rcc.o
                0x080014a0                HAL_RCC_OscConfig
 .text.HAL_RCC_EnableCSS
                0x08001c40       0x1c Drivers/STM32L1xx_HAL_Driver/Src/stm32l1xx_hal_rcc.o
                0x08001c40                HAL_RCC_EnableCSS
 .text.HAL_RCC_GetSysClockFreq
                0x08001c5c       0xa0 Drivers/STM32L1xx_HAL_Driver/Src/stm32l1xx_hal_rcc.o
                0x08001c5c                HAL_RCC_GetSysClockFreq
 .text.HAL_RCC_ClockConfig
                0x08001cfc      0x25c Drivers/STM32L1xx_HAL_Driver/Src/stm32l1xx_hal_rcc.o
                0x08001cfc                HAL_RCC_ClockConfig
 .text.HAL_RCC_GetHCLKFreq
                0x08001f58        0xc Drivers/STM32L1xx_HAL_Driver/Src/stm32l1xx_hal_rcc.o
                0x08001f58                HAL_RCC_GetHCLKFreq
 .text.HAL_RCC_GetPCLK1Freq
                0x08001f64       0x30 Drivers/STM32L1xx_HAL_Driver/Src/stm32l1xx_hal_rcc.o
                0x08001f64                HAL_RCC_GetPCLK1Freq
 .text.HAL_RCC_GetPCLK2Freq
                0x08001f94       0x30 Drivers/STM32L1xx_HAL_Driver/Src/stm32l1xx_hal_rcc.o
                0x08001f94                HAL_RCC_GetPCLK2Freq
 .text.HAL_RCC_CSSCallback
                0x08001fc4        0x4 Drivers/STM32L1xx_HAL_Driver/Src/stm32l1xx_hal_rcc.o
                0x08001fc4                HAL_RCC_CSSCallback
 .text.HAL_RCC_NMI_IRQHandler
                0x08001fc8       0x20 Drivers/STM32L1xx_HAL_Driver/Src/stm32l1xx_hal_rcc.o
                0x08001fc8                HAL_RCC_NMI_IRQHandler
 .text.SPI_WaitOnFlagUntilTimeout
                0x08001fe8       0xe4 Drivers/STM32L1xx_HAL_Driver/Src/stm32l1xx_hal_spi.o
 .text.HAL_SPI_Transmit
                0x080020cc      0x1d0 Drivers/STM32L1xx_HAL_Driver/Src/stm32l1xx_hal_spi.o
                0x080020cc                HAL_SPI_Transmit
 .text.HAL_SPI_Init
                0x0800229c       0x84 Drivers/STM32L1xx_HAL_Driver/Src/stm32l1xx_hal_spi_ex.o
                0x0800229c                HAL_SPI_Init
 .text.TIM_Base_SetConfig
                0x08002320       0x80 Drivers/STM32L1xx_HAL_Driver/Src/stm32l1xx_hal_tim.o
 .text.TIM_TI1_ConfigInputStage
                0x080023a0       0x24 Drivers/STM32L1xx_HAL_Driver/Src/stm32l1xx_hal_tim.o
 .text.TIM_TI2_ConfigInputStage
                0x080023c4       0x28 Drivers/STM32L1xx_HAL_Driver/Src/stm32l1xx_hal_tim.o
 .text.TIM_ITRx_SetConfig
                0x080023ec       0x10 Drivers/STM32L1xx_HAL_Driver/Src/stm32l1xx_hal_tim.o
 .text.TIM_ETR_SetConfig
                0x080023fc       0x18 Drivers/STM32L1xx_HAL_Driver/Src/stm32l1xx_hal_tim.o
 .text.HAL_TIM_Base_Init
                0x08002414       0x38 Drivers/STM32L1xx_HAL_Driver/Src/stm32l1xx_hal_tim.o
                0x08002414                HAL_TIM_Base_Init
 .text.HAL_TIM_Base_Start_IT
                0x0800244c       0x18 Drivers/STM32L1xx_HAL_Driver/Src/stm32l1xx_hal_tim.o
                0x0800244c                HAL_TIM_Base_Start_IT
 .text.HAL_TIM_ConfigClockSource
                0x08002464      0x114 Drivers/STM32L1xx_HAL_Driver/Src/stm32l1xx_hal_tim.o
                0x08002464                HAL_TIM_ConfigClockSource
 .text.HAL_TIM_OC_DelayElapsedCallback
                0x08002578        0x4 Drivers/STM32L1xx_HAL_Driver/Src/stm32l1xx_hal_tim.o
                0x08002578                HAL_TIM_OC_DelayElapsedCallback
 .text.HAL_TIM_IC_CaptureCallback
                0x0800257c        0x4 Drivers/STM32L1xx_HAL_Driver/Src/stm32l1xx_hal_tim.o
                0x0800257c                HAL_TIM_IC_CaptureCallback
 .text.HAL_TIM_PWM_PulseFinishedCallback
                0x08002580        0x4 Drivers/STM32L1xx_HAL_Driver/Src/stm32l1xx_hal_tim.o
                0x08002580                HAL_TIM_PWM_PulseFinishedCallback
 .text.HAL_TIM_TriggerCallback
                0x08002584        0x4 Drivers/STM32L1xx_HAL_Driver/Src/stm32l1xx_hal_tim.o
                0x08002584                HAL_TIM_TriggerCallback
 .text.HAL_TIM_IRQHandler
                0x08002588      0x138 Drivers/STM32L1xx_HAL_Driver/Src/stm32l1xx_hal_tim.o
                0x08002588                HAL_TIM_IRQHandler
 .text.UART_SetConfig
                0x080026c0      0x314 Drivers/STM32L1xx_HAL_Driver/Src/stm32l1xx_hal_uart.o
 .text.UART_WaitOnFlagUntilTimeout
                0x080029d4       0xd4 Drivers/STM32L1xx_HAL_Driver/Src/stm32l1xx_hal_uart.o
 .text.HAL_UART_Init
                0x08002aa8       0x60 Drivers/STM32L1xx_HAL_Driver/Src/stm32l1xx_hal_uart.o
                0x08002aa8                HAL_UART_Init
 .text.HAL_UART_Transmit
                0x08002b08       0xec Drivers/STM32L1xx_HAL_Driver/Src/stm32l1xx_hal_uart.o
                0x08002b08                HAL_UART_Transmit
 .text.HAL_UART_Receive_DMA
                0x08002bf4       0x98 Drivers/STM32L1xx_HAL_Driver/Src/stm32l1xx_hal_uart.o
                0x08002bf4                HAL_UART_Receive_DMA
 .text.HAL_UART_RxCpltCallback
                0x08002c8c        0x4 Drivers/STM32L1xx_HAL_Driver/Src/stm32l1xx_hal_uart.o
                0x08002c8c                HAL_UART_RxCpltCallback
 .text.UART_DMAReceiveCplt
                0x08002c90       0x3c Drivers/STM32L1xx_HAL_Driver/Src/stm32l1xx_hal_uart.o
 .text.HAL_UART_RxHalfCpltCallback
                0x08002ccc        0x4 Drivers/STM32L1xx_HAL_Driver/Src/stm32l1xx_hal_uart.o
                0x08002ccc                HAL_UART_RxHalfCpltCallback
 .text.UART_DMARxHalfCplt
                0x08002cd0        0xc Drivers/STM32L1xx_HAL_Driver/Src/stm32l1xx_hal_uart.o
 .text.HAL_UART_ErrorCallback
                0x08002cdc        0x4 Drivers/STM32L1xx_HAL_Driver/Src/stm32l1xx_hal_uart.o
                0x08002cdc                HAL_UART_ErrorCallback
 .text.UART_DMAError
                0x08002ce0       0x20 Drivers/STM32L1xx_HAL_Driver/Src/stm32l1xx_hal_uart.o
 .text.PK_ON_A  0x08002d00       0x24 Src/Kalibrator.o
                0x08002d00                PK_ON_A
 .text.PK_ON_B  0x08002d24       0x24 Src/Kalibrator.o
                0x08002d24                PK_ON_B
 .text.Kalibrator_zadanie
                0x08002d48      0x5dc Src/Kalibrator.o
                0x08002d48                Kalibrator_zadanie
 .text.CRC16    0x08003324       0x30 Src/Modbus.o
                0x08003324                CRC16
 .text.ModbusWrite
                0x08003354       0x3c Src/Modbus.o
                0x08003354                ModbusWrite
 .text.Modbus_Main
                0x08003390      0x174 Src/Modbus.o
                0x08003390                Modbus_Main
 .text.MX_ADC_Init
                0x08003504       0xa8 Src/adc.o
                0x08003504                MX_ADC_Init
 .text.HAL_ADC_MspInit
                0x080035ac       0x88 Src/adc.o
                0x080035ac                HAL_ADC_MspInit
 .text.MX_DMA_Init
                0x08003634       0x54 Src/dma.o
                0x08003634                MX_DMA_Init
 .text.MX_GPIO_Init
                0x08003688       0xe0 Src/gpio.o
                0x08003688                MX_GPIO_Init
 .text.HAL_TIM_PeriodElapsedCallback
                0x08003768       0x4c Src/main.o
                0x08003768                HAL_TIM_PeriodElapsedCallback
 .text.HAL_GPIO_EXTI_Callback
                0x080037b4       0x14 Src/main.o
                0x080037b4                HAL_GPIO_EXTI_Callback
 .text._Error_Handler
                0x080037c8        0x4 Src/main.o
                0x080037c8                _Error_Handler
 .text.SystemClock_Config
                0x080037cc       0xa4 Src/main.o
                0x080037cc                SystemClock_Config
 .text.main     0x08003870      0x18c Src/main.o
                0x08003870                main
 .text.MX_SPI1_Init
                0x080039fc       0x48 Src/spi.o
                0x080039fc                MX_SPI1_Init
 .text.HAL_SPI_MspInit
                0x08003a44       0x50 Src/spi.o
                0x08003a44                HAL_SPI_MspInit
 .text.HAL_MspInit
                0x08003a94       0xa0 Src/stm32l1xx_hal_msp.o
                0x08003a94                HAL_MspInit
 .text.NMI_Handler
                0x08003b34        0x8 Src/stm32l1xx_it.o
                0x08003b34                NMI_Handler
 .text.HardFault_Handler
                0x08003b3c        0x4 Src/stm32l1xx_it.o
                0x08003b3c                HardFault_Handler
 .text.MemManage_Handler
                0x08003b40        0x4 Src/stm32l1xx_it.o
                0x08003b40                MemManage_Handler
 .text.BusFault_Handler
                0x08003b44        0x4 Src/stm32l1xx_it.o
                0x08003b44                BusFault_Handler
 .text.UsageFault_Handler
                0x08003b48        0x4 Src/stm32l1xx_it.o
                0x08003b48                UsageFault_Handler
 .text.SVC_Handler
                0x08003b4c        0x4 Src/stm32l1xx_it.o
                0x08003b4c                SVC_Handler
 .text.DebugMon_Handler
                0x08003b50        0x4 Src/stm32l1xx_it.o
                0x08003b50                DebugMon_Handler
 .text.PendSV_Handler
                0x08003b54        0x4 Src/stm32l1xx_it.o
                0x08003b54                PendSV_Handler
 .text.SysTick_Handler
                0x08003b58        0xc Src/stm32l1xx_it.o
                0x08003b58                SysTick_Handler
 .text.DMA1_Channel1_IRQHandler
                0x08003b64       0x10 Src/stm32l1xx_it.o
                0x08003b64                DMA1_Channel1_IRQHandler
 .text.DMA1_Channel4_IRQHandler
                0x08003b74       0x10 Src/stm32l1xx_it.o
                0x08003b74                DMA1_Channel4_IRQHandler
 .text.DMA1_Channel5_IRQHandler
                0x08003b84       0x18 Src/stm32l1xx_it.o
                0x08003b84                DMA1_Channel5_IRQHandler
 .text.TIM10_IRQHandler
                0x08003b9c       0x10 Src/stm32l1xx_it.o
                0x08003b9c                TIM10_IRQHandler
 .text.EXTI15_10_IRQHandler
                0x08003bac        0xc Src/stm32l1xx_it.o
                0x08003bac                EXTI15_10_IRQHandler
 .text.SystemInit
                0x08003bb8       0x48 Src/system_stm32l1xx.o
                0x08003bb8                SystemInit
 .text.MX_TIM10_Init
                0x08003c00       0x58 Src/tim.o
                0x08003c00                MX_TIM10_Init
 .text.HAL_TIM_Base_MspInit
                0x08003c58       0x40 Src/tim.o
                0x08003c58                HAL_TIM_Base_MspInit
 .text.MX_USART1_UART_Init
                0x08003c98       0x3c Src/usart.o
                0x08003c98                MX_USART1_UART_Init
 .text.HAL_UART_MspInit
                0x08003cd4       0xc0 Src/usart.o
                0x08003cd4                HAL_UART_MspInit
 .text.Reset_Handler
                0x08003d94       0x48 startup/startup_stm32l151xc.o
                0x08003d94                Reset_Handler
 .text.Default_Handler
                0x08003ddc        0x2 startup/startup_stm32l151xc.o
                0x08003ddc                RTC_Alarm_IRQHandler
                0x08003ddc                EXTI2_IRQHandler
                0x08003ddc                COMP_ACQ_IRQHandler
                0x08003ddc                USB_HP_IRQHandler
                0x08003ddc                TIM6_IRQHandler
                0x08003ddc                PVD_IRQHandler
                0x08003ddc                EXTI3_IRQHandler
                0x08003ddc                EXTI0_IRQHandler
                0x08003ddc                I2C2_EV_IRQHandler
                0x08003ddc                SPI1_IRQHandler
                0x08003ddc                USB_FS_WKUP_IRQHandler
                0x08003ddc                DMA2_Channel2_IRQHandler
                0x08003ddc                ADC1_IRQHandler
                0x08003ddc                USART3_IRQHandler
                0x08003ddc                DMA1_Channel7_IRQHandler
                0x08003ddc                TIM4_IRQHandler
                0x08003ddc                DMA2_Channel1_IRQHandler
                0x08003ddc                I2C1_EV_IRQHandler
                0x08003ddc                DMA1_Channel6_IRQHandler
                0x08003ddc                DMA2_Channel4_IRQHandler
                0x08003ddc                TIM3_IRQHandler
                0x08003ddc                RCC_IRQHandler
                0x08003ddc                Default_Handler
                0x08003ddc                TIM7_IRQHandler
                0x08003ddc                TIM5_IRQHandler
                0x08003ddc                EXTI9_5_IRQHandler
                0x08003ddc                TIM9_IRQHandler
                0x08003ddc                TAMPER_STAMP_IRQHandler
                0x08003ddc                RTC_WKUP_IRQHandler
                0x08003ddc                SPI2_IRQHandler
                0x08003ddc                DMA2_Channel5_IRQHandler
                0x08003ddc                USB_LP_IRQHandler
                0x08003ddc                EXTI4_IRQHandler
                0x08003ddc                DMA1_Channel3_IRQHandler
                0x08003ddc                COMP_IRQHandler
                0x08003ddc                WWDG_IRQHandler
                0x08003ddc                TIM2_IRQHandler
                0x08003ddc                DAC_IRQHandler
                0x08003ddc                EXTI1_IRQHandler
                0x08003ddc                TIM11_IRQHandler
                0x08003ddc                USART2_IRQHandler
                0x08003ddc                I2C2_ER_IRQHandler
                0x08003ddc                DMA1_Channel2_IRQHandler
                0x08003ddc                FLASH_IRQHandler
                0x08003ddc                USART1_IRQHandler
                0x08003ddc                SPI3_IRQHandler
                0x08003ddc                I2C1_ER_IRQHandler
                0x08003ddc                DMA2_Channel3_IRQHandler
 *fill*         0x08003dde        0x2 
 .text.__libc_init_array
                0x08003de0       0x4c c:/ac6/systemworkbench/plugins/fr.ac6.mcu.externaltools.arm-none.win32_1.13.3.201707031232/tools/compiler/bin/../lib/gcc/arm-none-eabi/5.4.1/../../../../arm-none-eabi/lib/armv7-m\libc_nano.a(lib_a-init.o)
                0x08003de0                __libc_init_array
 *(.glue_7)
 .glue_7        0x08003e2c        0x0 linker stubs
 *(.glue_7t)
 .glue_7t       0x08003e2c        0x0 linker stubs
 *(.eh_frame)
 .eh_frame      0x08003e2c        0x0 c:/ac6/systemworkbench/plugins/fr.ac6.mcu.externaltools.arm-none.win32_1.13.3.201707031232/tools/compiler/bin/../lib/gcc/arm-none-eabi/5.4.1/armv7-m/crtbegin.o
 *(.init)
 .init          0x08003e2c        0x4 c:/ac6/systemworkbench/plugins/fr.ac6.mcu.externaltools.arm-none.win32_1.13.3.201707031232/tools/compiler/bin/../lib/gcc/arm-none-eabi/5.4.1/armv7-m/crti.o
                0x08003e2c                _init
 .init          0x08003e30        0x8 c:/ac6/systemworkbench/plugins/fr.ac6.mcu.externaltools.arm-none.win32_1.13.3.201707031232/tools/compiler/bin/../lib/gcc/arm-none-eabi/5.4.1/armv7-m/crtn.o
 *(.fini)
 .fini          0x08003e38        0x4 c:/ac6/systemworkbench/plugins/fr.ac6.mcu.externaltools.arm-none.win32_1.13.3.201707031232/tools/compiler/bin/../lib/gcc/arm-none-eabi/5.4.1/armv7-m/crti.o
                0x08003e38                _fini
 .fini          0x08003e3c        0x8 c:/ac6/systemworkbench/plugins/fr.ac6.mcu.externaltools.arm-none.win32_1.13.3.201707031232/tools/compiler/bin/../lib/gcc/arm-none-eabi/5.4.1/armv7-m/crtn.o
                0x08003e44                . = ALIGN (0x4)
                0x08003e44                _etext = .

.vfp11_veneer   0x08003e44        0x0
 .vfp11_veneer  0x08003e44        0x0 linker stubs

.v4_bx          0x08003e44        0x0
 .v4_bx         0x08003e44        0x0 linker stubs

.iplt           0x08003e44        0x0
 .iplt          0x08003e44        0x0 c:/ac6/systemworkbench/plugins/fr.ac6.mcu.externaltools.arm-none.win32_1.13.3.201707031232/tools/compiler/bin/../lib/gcc/arm-none-eabi/5.4.1/armv7-m/crtbegin.o

.rodata         0x08003e44      0x274
                0x08003e44                . = ALIGN (0x4)
 *(.rodata)
 .rodata        0x08003e44      0x200 Src/Modbus.o
 .rodata        0x08004044       0x24 Src/system_stm32l1xx.o
                0x08004044                PLLMulTable
                0x08004050                AHBPrescTable
                0x08004060                APBPrescTable
 *(.rodata*)
 .rodata.str1.4
                0x08004068        0xd Src/adc.o
 *fill*         0x08004075        0x3 
 .rodata.str1.4
                0x08004078        0xe Src/main.o
 *fill*         0x08004086        0x2 
 .rodata.str1.4
                0x08004088        0xd Src/spi.o
 *fill*         0x08004095        0x3 
 .rodata.str1.4
                0x08004098        0xd Src/tim.o
 *fill*         0x080040a5        0x3 
 .rodata.str1.4
                0x080040a8       0x10 Src/usart.o
                                  0xf (size before relaxing)
                0x080040b8                . = ALIGN (0x4)

.rel.dyn        0x080040b8        0x0
 .rel.iplt      0x080040b8        0x0 c:/ac6/systemworkbench/plugins/fr.ac6.mcu.externaltools.arm-none.win32_1.13.3.201707031232/tools/compiler/bin/../lib/gcc/arm-none-eabi/5.4.1/armv7-m/crtbegin.o

.ARM.extab
 *(.ARM.extab* .gnu.linkonce.armextab.*)

.ARM            0x080040b8        0x0
                0x080040b8                __exidx_start = .
 *(.ARM.exidx*)
                0x080040b8                __exidx_end = .

.preinit_array  0x080040b8        0x0
                0x080040b8                PROVIDE (__preinit_array_start, .)
 *(.preinit_array*)
                0x080040b8                PROVIDE (__preinit_array_end, .)

.init_array     0x080040b8        0x4
                0x080040b8                PROVIDE (__init_array_start, .)
 *(SORT(.init_array.*))
 *(.init_array*)
 .init_array    0x080040b8        0x4 c:/ac6/systemworkbench/plugins/fr.ac6.mcu.externaltools.arm-none.win32_1.13.3.201707031232/tools/compiler/bin/../lib/gcc/arm-none-eabi/5.4.1/armv7-m/crtbegin.o
                0x080040bc                PROVIDE (__init_array_end, .)

.fini_array     0x080040bc        0x4
                [!provide]                PROVIDE (__fini_array_start, .)
 *(SORT(.fini_array.*))
 *(.fini_array*)
 .fini_array    0x080040bc        0x4 c:/ac6/systemworkbench/plugins/fr.ac6.mcu.externaltools.arm-none.win32_1.13.3.201707031232/tools/compiler/bin/../lib/gcc/arm-none-eabi/5.4.1/armv7-m/crtbegin.o
                [!provide]                PROVIDE (__fini_array_end, .)
                0x080040c0                _sidata = LOADADDR (.data)

.data           0x20000000       0x10 load address 0x080040c0
                0x20000000                . = ALIGN (0x4)
                0x20000000                _sdata = .
 *(.data)
 .data          0x20000000        0xa Src/main.o
                0x20000000                AD5293_SPI_Enable
                0x20000004                spi_message
                0x20000008                AD5293_SPI_Reset
 *fill*         0x2000000a        0x2 
 .data          0x2000000c        0x4 Src/system_stm32l1xx.o
                0x2000000c                SystemCoreClock
 *(.data*)
                0x20000010                . = ALIGN (0x4)
                0x20000010                _edata = .

.jcr            0x20000010        0x0 load address 0x080040d0
 .jcr           0x20000010        0x0 c:/ac6/systemworkbench/plugins/fr.ac6.mcu.externaltools.arm-none.win32_1.13.3.201707031232/tools/compiler/bin/../lib/gcc/arm-none-eabi/5.4.1/armv7-m/crtbegin.o

.igot.plt       0x20000010        0x0 load address 0x080040d0
 .igot.plt      0x20000010        0x0 c:/ac6/systemworkbench/plugins/fr.ac6.mcu.externaltools.arm-none.win32_1.13.3.201707031232/tools/compiler/bin/../lib/gcc/arm-none-eabi/5.4.1/armv7-m/crtbegin.o
                0x20000010                . = ALIGN (0x4)

.bss            0x20000010      0x32c load address 0x080040d0
                0x20000010                _sbss = .
                0x20000010                __bss_start__ = _sbss
 *(.bss)
 .bss           0x20000010       0x1c c:/ac6/systemworkbench/plugins/fr.ac6.mcu.externaltools.arm-none.win32_1.13.3.201707031232/tools/compiler/bin/../lib/gcc/arm-none-eabi/5.4.1/armv7-m/crtbegin.o
 .bss           0x2000002c        0x3 Src/main.o
                0x2000002c                Flaga_TIM
                0x2000002d                licznik_TIM
                0x2000002e                Flaga_ADC
 *(.bss*)
 *(COMMON)
 *fill*         0x2000002f        0x1 
 COMMON         0x20000030        0x4 Drivers/STM32L1xx_HAL_Driver/Src/stm32l1xx_hal.o
                0x20000030                uwTick
 COMMON         0x20000034       0xea Src/Kalibrator.o
                0x20000034                Modbus_Counter_DMA_Tx_index
                0x20000038                Modbus_Buffor_Tab
                0x2000004c                Modbus_Flaga_DMA_Rx
                0x20000050                SPI_Data
                0x20000054                Modbus_Register1
                0x2000011c                Modbus_Buffor_Temp
                0x2000011d                Modbus_index
 *fill*         0x2000011e        0x2 
 COMMON         0x20000120       0x98 Src/adc.o
                0x20000120                hdma_adc
                0x20000164                hadc
 COMMON         0x200001b8       0x29 Src/main.o
                0x200001b8                NapiecieADC
                0x200001c8                PomiarADC
                0x200001d0                RealADC
                0x200001e0                SPI1_Data_Received
 *fill*         0x200001e1        0x3 
 COMMON         0x200001e4       0x58 Src/spi.o
                0x200001e4                hspi1
 COMMON         0x2000023c       0x38 Src/tim.o
                0x2000023c                htim10
 COMMON         0x20000274       0xc8 Src/usart.o
                0x20000274                hdma_usart1_tx
                0x200002b8                hdma_usart1_rx
                0x200002fc                huart1
                0x2000033c                . = ALIGN (0x4)
                0x2000033c                _ebss = .
                0x2000033c                __bss_end__ = _ebss

._user_heap_stack
                0x2000033c      0x604 load address 0x080040d0
                0x20000340                . = ALIGN (0x8)
 *fill*         0x2000033c        0x4 
                [!provide]                PROVIDE (end, .)
                [!provide]                PROVIDE (_end, .)
                0x20000540                . = (. + _Min_Heap_Size)
 *fill*         0x20000340      0x200 
                0x20000940                . = (. + _Min_Stack_Size)
 *fill*         0x20000540      0x400 
                0x20000940                . = ALIGN (0x8)

/DISCARD/
 libc.a(*)
 libm.a(*)
 libgcc.a(*)

.ARM.attributes
                0x00000000       0x29
 *(.ARM.attributes)
 .ARM.attributes
                0x00000000       0x1d c:/ac6/systemworkbench/plugins/fr.ac6.mcu.externaltools.arm-none.win32_1.13.3.201707031232/tools/compiler/bin/../lib/gcc/arm-none-eabi/5.4.1/armv7-m/crti.o
 .ARM.attributes
                0x0000001d       0x2d c:/ac6/systemworkbench/plugins/fr.ac6.mcu.externaltools.arm-none.win32_1.13.3.201707031232/tools/compiler/bin/../lib/gcc/arm-none-eabi/5.4.1/armv7-m/crtbegin.o
 .ARM.attributes
                0x0000004a       0x33 Drivers/STM32L1xx_HAL_Driver/Src/stm32l1xx_hal.o
 .ARM.attributes
                0x0000007d       0x33 Drivers/STM32L1xx_HAL_Driver/Src/stm32l1xx_hal_adc.o
 .ARM.attributes
                0x000000b0       0x33 Drivers/STM32L1xx_HAL_Driver/Src/stm32l1xx_hal_cortex.o
 .ARM.attributes
                0x000000e3       0x33 Drivers/STM32L1xx_HAL_Driver/Src/stm32l1xx_hal_dma.o
 .ARM.attributes
                0x00000116       0x33 Drivers/STM32L1xx_HAL_Driver/Src/stm32l1xx_hal_gpio.o
 .ARM.attributes
                0x00000149       0x33 Drivers/STM32L1xx_HAL_Driver/Src/stm32l1xx_hal_rcc.o
 .ARM.attributes
                0x0000017c       0x33 Drivers/STM32L1xx_HAL_Driver/Src/stm32l1xx_hal_spi.o
 .ARM.attributes
                0x000001af       0x33 Drivers/STM32L1xx_HAL_Driver/Src/stm32l1xx_hal_spi_ex.o
 .ARM.attributes
                0x000001e2       0x33 Drivers/STM32L1xx_HAL_Driver/Src/stm32l1xx_hal_tim.o
 .ARM.attributes
                0x00000215       0x33 Drivers/STM32L1xx_HAL_Driver/Src/stm32l1xx_hal_uart.o
 .ARM.attributes
                0x00000248       0x33 Src/Kalibrator.o
 .ARM.attributes
                0x0000027b       0x33 Src/Modbus.o
 .ARM.attributes
                0x000002ae       0x33 Src/adc.o
 .ARM.attributes
                0x000002e1       0x33 Src/dma.o
 .ARM.attributes
                0x00000314       0x33 Src/gpio.o
 .ARM.attributes
                0x00000347       0x33 Src/main.o
 .ARM.attributes
                0x0000037a       0x33 Src/spi.o
 .ARM.attributes
                0x000003ad       0x33 Src/stm32l1xx_hal_msp.o
 .ARM.attributes
                0x000003e0       0x33 Src/stm32l1xx_it.o
 .ARM.attributes
                0x00000413       0x33 Src/system_stm32l1xx.o
 .ARM.attributes
                0x00000446       0x33 Src/tim.o
 .ARM.attributes
                0x00000479       0x33 Src/usart.o
 .ARM.attributes
                0x000004ac       0x21 startup/startup_stm32l151xc.o
 .ARM.attributes
                0x000004cd       0x1d c:/ac6/systemworkbench/plugins/fr.ac6.mcu.externaltools.arm-none.win32_1.13.3.201707031232/tools/compiler/bin/../lib/gcc/arm-none-eabi/5.4.1/armv7-m\libgcc.a(_arm_addsubdf3.o)
 .ARM.attributes
                0x000004ea       0x1d c:/ac6/systemworkbench/plugins/fr.ac6.mcu.externaltools.arm-none.win32_1.13.3.201707031232/tools/compiler/bin/../lib/gcc/arm-none-eabi/5.4.1/armv7-m\libgcc.a(_arm_muldivdf3.o)
 .ARM.attributes
                0x00000507       0x1d c:/ac6/systemworkbench/plugins/fr.ac6.mcu.externaltools.arm-none.win32_1.13.3.201707031232/tools/compiler/bin/../lib/gcc/arm-none-eabi/5.4.1/armv7-m\libgcc.a(_arm_truncdfsf2.o)
 .ARM.attributes
                0x00000524       0x2d c:/ac6/systemworkbench/plugins/fr.ac6.mcu.externaltools.arm-none.win32_1.13.3.201707031232/tools/compiler/bin/../lib/gcc/arm-none-eabi/5.4.1/../../../../arm-none-eabi/lib/armv7-m\libc_nano.a(lib_a-init.o)
 .ARM.attributes
                0x00000551       0x1d c:/ac6/systemworkbench/plugins/fr.ac6.mcu.externaltools.arm-none.win32_1.13.3.201707031232/tools/compiler/bin/../lib/gcc/arm-none-eabi/5.4.1/armv7-m/crtn.o
OUTPUT(Kalibrator.elf elf32-littlearm)

.debug_info     0x00000000    0x10ca5
 .debug_info    0x00000000      0x633 Drivers/STM32L1xx_HAL_Driver/Src/stm32l1xx_hal.o
 .debug_info    0x00000633     0x101d Drivers/STM32L1xx_HAL_Driver/Src/stm32l1xx_hal_adc.o
 .debug_info    0x00001650      0xe6a Drivers/STM32L1xx_HAL_Driver/Src/stm32l1xx_hal_cortex.o
 .debug_info    0x000024ba      0x7c5 Drivers/STM32L1xx_HAL_Driver/Src/stm32l1xx_hal_dma.o
 .debug_info    0x00002c7f      0x608 Drivers/STM32L1xx_HAL_Driver/Src/stm32l1xx_hal_gpio.o
 .debug_info    0x00003287     0x16ad Drivers/STM32L1xx_HAL_Driver/Src/stm32l1xx_hal_rcc.o
 .debug_info    0x00004934     0x158e Drivers/STM32L1xx_HAL_Driver/Src/stm32l1xx_hal_spi.o
 .debug_info    0x00005ec2      0x5d8 Drivers/STM32L1xx_HAL_Driver/Src/stm32l1xx_hal_spi_ex.o
 .debug_info    0x0000649a     0x2d0d Drivers/STM32L1xx_HAL_Driver/Src/stm32l1xx_hal_tim.o
 .debug_info    0x000091a7     0x11a2 Drivers/STM32L1xx_HAL_Driver/Src/stm32l1xx_hal_uart.o
 .debug_info    0x0000a349      0xb1c Src/Kalibrator.o
 .debug_info    0x0000ae65      0x840 Src/Modbus.o
 .debug_info    0x0000b6a5      0x9f4 Src/adc.o
 .debug_info    0x0000c099      0x3e3 Src/dma.o
 .debug_info    0x0000c47c      0x5d7 Src/gpio.o
 .debug_info    0x0000ca53     0x16d4 Src/main.o
 .debug_info    0x0000e127      0x87d Src/spi.o
 .debug_info    0x0000e9a4      0x470 Src/stm32l1xx_hal_msp.o
 .debug_info    0x0000ee14      0x7b7 Src/stm32l1xx_it.o
 .debug_info    0x0000f5cb      0x446 Src/system_stm32l1xx.o
 .debug_info    0x0000fa11      0x965 Src/tim.o
 .debug_info    0x00010376      0x8b9 Src/usart.o
 .debug_info    0x00010c2f       0x76 startup/startup_stm32l151xc.o

.debug_abbrev   0x00000000     0x2863
 .debug_abbrev  0x00000000      0x1c1 Drivers/STM32L1xx_HAL_Driver/Src/stm32l1xx_hal.o
 .debug_abbrev  0x000001c1      0x287 Drivers/STM32L1xx_HAL_Driver/Src/stm32l1xx_hal_adc.o
 .debug_abbrev  0x00000448      0x2e2 Drivers/STM32L1xx_HAL_Driver/Src/stm32l1xx_hal_cortex.o
 .debug_abbrev  0x0000072a      0x210 Drivers/STM32L1xx_HAL_Driver/Src/stm32l1xx_hal_dma.o
 .debug_abbrev  0x0000093a      0x1cd Drivers/STM32L1xx_HAL_Driver/Src/stm32l1xx_hal_gpio.o
 .debug_abbrev  0x00000b07      0x290 Drivers/STM32L1xx_HAL_Driver/Src/stm32l1xx_hal_rcc.o
 .debug_abbrev  0x00000d97      0x253 Drivers/STM32L1xx_HAL_Driver/Src/stm32l1xx_hal_spi.o
 .debug_abbrev  0x00000fea      0x14f Drivers/STM32L1xx_HAL_Driver/Src/stm32l1xx_hal_spi_ex.o
 .debug_abbrev  0x00001139      0x20c Drivers/STM32L1xx_HAL_Driver/Src/stm32l1xx_hal_tim.o
 .debug_abbrev  0x00001345      0x228 Drivers/STM32L1xx_HAL_Driver/Src/stm32l1xx_hal_uart.o
 .debug_abbrev  0x0000156d      0x1bc Src/Kalibrator.o
 .debug_abbrev  0x00001729      0x20c Src/Modbus.o
 .debug_abbrev  0x00001935      0x1b3 Src/adc.o
 .debug_abbrev  0x00001ae8      0x114 Src/dma.o
 .debug_abbrev  0x00001bfc      0x151 Src/gpio.o
 .debug_abbrev  0x00001d4d      0x24e Src/main.o
 .debug_abbrev  0x00001f9b      0x1a8 Src/spi.o
 .debug_abbrev  0x00002143      0x114 Src/stm32l1xx_hal_msp.o
 .debug_abbrev  0x00002257      0x1a1 Src/stm32l1xx_it.o
 .debug_abbrev  0x000023f8      0x104 Src/system_stm32l1xx.o
 .debug_abbrev  0x000024fc      0x1a2 Src/tim.o
 .debug_abbrev  0x0000269e      0x1b3 Src/usart.o
 .debug_abbrev  0x00002851       0x12 startup/startup_stm32l151xc.o

.debug_loc      0x00000000     0x79c6
 .debug_loc     0x00000000       0x6a Drivers/STM32L1xx_HAL_Driver/Src/stm32l1xx_hal.o
 .debug_loc     0x0000006a      0x875 Drivers/STM32L1xx_HAL_Driver/Src/stm32l1xx_hal_adc.o
 .debug_loc     0x000008df      0x548 Drivers/STM32L1xx_HAL_Driver/Src/stm32l1xx_hal_cortex.o
 .debug_loc     0x00000e27      0x66e Drivers/STM32L1xx_HAL_Driver/Src/stm32l1xx_hal_dma.o
 .debug_loc     0x00001495      0x320 Drivers/STM32L1xx_HAL_Driver/Src/stm32l1xx_hal_gpio.o
 .debug_loc     0x000017b5      0xbfb Drivers/STM32L1xx_HAL_Driver/Src/stm32l1xx_hal_rcc.o
 .debug_loc     0x000023b0     0x1086 Drivers/STM32L1xx_HAL_Driver/Src/stm32l1xx_hal_spi.o
 .debug_loc     0x00003436       0x37 Drivers/STM32L1xx_HAL_Driver/Src/stm32l1xx_hal_spi_ex.o
 .debug_loc     0x0000346d     0x3051 Drivers/STM32L1xx_HAL_Driver/Src/stm32l1xx_hal_tim.o
 .debug_loc     0x000064be     0x1009 Drivers/STM32L1xx_HAL_Driver/Src/stm32l1xx_hal_uart.o
 .debug_loc     0x000074c7      0x1ec Src/Modbus.o
 .debug_loc     0x000076b3       0x52 Src/adc.o
 .debug_loc     0x00007705       0x6a Src/main.o
 .debug_loc     0x0000776f       0x4d Src/spi.o
 .debug_loc     0x000077bc      0x16b Src/system_stm32l1xx.o
 .debug_loc     0x00007927       0x4d Src/tim.o
 .debug_loc     0x00007974       0x52 Src/usart.o

.debug_aranges  0x00000000      0xc80
 .debug_aranges
                0x00000000       0xb0 Drivers/STM32L1xx_HAL_Driver/Src/stm32l1xx_hal.o
 .debug_aranges
                0x000000b0       0xf0 Drivers/STM32L1xx_HAL_Driver/Src/stm32l1xx_hal_adc.o
 .debug_aranges
                0x000001a0       0xa8 Drivers/STM32L1xx_HAL_Driver/Src/stm32l1xx_hal_cortex.o
 .debug_aranges
                0x00000248       0x80 Drivers/STM32L1xx_HAL_Driver/Src/stm32l1xx_hal_dma.o
 .debug_aranges
                0x000002c8       0x58 Drivers/STM32L1xx_HAL_Driver/Src/stm32l1xx_hal_gpio.o
 .debug_aranges
                0x00000320       0x90 Drivers/STM32L1xx_HAL_Driver/Src/stm32l1xx_hal_rcc.o
 .debug_aranges
                0x000003b0      0x150 Drivers/STM32L1xx_HAL_Driver/Src/stm32l1xx_hal_spi.o
 .debug_aranges
                0x00000500       0x20 Drivers/STM32L1xx_HAL_Driver/Src/stm32l1xx_hal_spi_ex.o
 .debug_aranges
                0x00000520      0x368 Drivers/STM32L1xx_HAL_Driver/Src/stm32l1xx_hal_tim.o
 .debug_aranges
                0x00000888      0x150 Drivers/STM32L1xx_HAL_Driver/Src/stm32l1xx_hal_uart.o
 .debug_aranges
                0x000009d8       0x38 Src/Kalibrator.o
 .debug_aranges
                0x00000a10       0x30 Src/Modbus.o
 .debug_aranges
                0x00000a40       0x30 Src/adc.o
 .debug_aranges
                0x00000a70       0x20 Src/dma.o
 .debug_aranges
                0x00000a90       0x20 Src/gpio.o
 .debug_aranges
                0x00000ab0       0x48 Src/main.o
 .debug_aranges
                0x00000af8       0x30 Src/spi.o
 .debug_aranges
                0x00000b28       0x20 Src/stm32l1xx_hal_msp.o
 .debug_aranges
                0x00000b48       0x88 Src/stm32l1xx_it.o
 .debug_aranges
                0x00000bd0       0x28 Src/system_stm32l1xx.o
 .debug_aranges
                0x00000bf8       0x30 Src/tim.o
 .debug_aranges
                0x00000c28       0x30 Src/usart.o
 .debug_aranges
                0x00000c58       0x28 startup/startup_stm32l151xc.o

.debug_ranges   0x00000000      0xb30
 .debug_ranges  0x00000000       0xa0 Drivers/STM32L1xx_HAL_Driver/Src/stm32l1xx_hal.o
 .debug_ranges  0x000000a0       0xe0 Drivers/STM32L1xx_HAL_Driver/Src/stm32l1xx_hal_adc.o
 .debug_ranges  0x00000180       0x98 Drivers/STM32L1xx_HAL_Driver/Src/stm32l1xx_hal_cortex.o
 .debug_ranges  0x00000218       0x70 Drivers/STM32L1xx_HAL_Driver/Src/stm32l1xx_hal_dma.o
 .debug_ranges  0x00000288       0x48 Drivers/STM32L1xx_HAL_Driver/Src/stm32l1xx_hal_gpio.o
 .debug_ranges  0x000002d0       0x98 Drivers/STM32L1xx_HAL_Driver/Src/stm32l1xx_hal_rcc.o
 .debug_ranges  0x00000368      0x140 Drivers/STM32L1xx_HAL_Driver/Src/stm32l1xx_hal_spi.o
 .debug_ranges  0x000004a8       0x10 Drivers/STM32L1xx_HAL_Driver/Src/stm32l1xx_hal_spi_ex.o
 .debug_ranges  0x000004b8      0x358 Drivers/STM32L1xx_HAL_Driver/Src/stm32l1xx_hal_tim.o
 .debug_ranges  0x00000810      0x140 Drivers/STM32L1xx_HAL_Driver/Src/stm32l1xx_hal_uart.o
 .debug_ranges  0x00000950       0x28 Src/Kalibrator.o
 .debug_ranges  0x00000978       0x20 Src/Modbus.o
 .debug_ranges  0x00000998       0x20 Src/adc.o
 .debug_ranges  0x000009b8       0x10 Src/dma.o
 .debug_ranges  0x000009c8       0x10 Src/gpio.o
 .debug_ranges  0x000009d8       0x38 Src/main.o
 .debug_ranges  0x00000a10       0x20 Src/spi.o
 .debug_ranges  0x00000a30       0x10 Src/stm32l1xx_hal_msp.o
 .debug_ranges  0x00000a40       0x78 Src/stm32l1xx_it.o
 .debug_ranges  0x00000ab8       0x18 Src/system_stm32l1xx.o
 .debug_ranges  0x00000ad0       0x20 Src/tim.o
 .debug_ranges  0x00000af0       0x20 Src/usart.o
 .debug_ranges  0x00000b10       0x20 startup/startup_stm32l151xc.o

.debug_macro    0x00000000    0x18ce1
 .debug_macro   0x00000000      0x32c Drivers/STM32L1xx_HAL_Driver/Src/stm32l1xx_hal.o
 .debug_macro   0x0000032c      0x880 Drivers/STM32L1xx_HAL_Driver/Src/stm32l1xx_hal.o
 .debug_macro   0x00000bac       0xb2 Drivers/STM32L1xx_HAL_Driver/Src/stm32l1xx_hal.o
 .debug_macro   0x00000c5e       0x94 Drivers/STM32L1xx_HAL_Driver/Src/stm32l1xx_hal.o
 .debug_macro   0x00000cf2       0x2e Drivers/STM32L1xx_HAL_Driver/Src/stm32l1xx_hal.o
 .debug_macro   0x00000d20       0x22 Drivers/STM32L1xx_HAL_Driver/Src/stm32l1xx_hal.o
 .debug_macro   0x00000d42       0x22 Drivers/STM32L1xx_HAL_Driver/Src/stm32l1xx_hal.o
 .debug_macro   0x00000d64       0x87 Drivers/STM32L1xx_HAL_Driver/Src/stm32l1xx_hal.o
 .debug_macro   0x00000deb       0x44 Drivers/STM32L1xx_HAL_Driver/Src/stm32l1xx_hal.o
 .debug_macro   0x00000e2f       0xfd Drivers/STM32L1xx_HAL_Driver/Src/stm32l1xx_hal.o
 .debug_macro   0x00000f2c       0x5e Drivers/STM32L1xx_HAL_Driver/Src/stm32l1xx_hal.o
 .debug_macro   0x00000f8a      0x1df Drivers/STM32L1xx_HAL_Driver/Src/stm32l1xx_hal.o
 .debug_macro   0x00001169       0x34 Drivers/STM32L1xx_HAL_Driver/Src/stm32l1xx_hal.o
 .debug_macro   0x0000119d       0x34 Drivers/STM32L1xx_HAL_Driver/Src/stm32l1xx_hal.o
 .debug_macro   0x000011d1      0xcb4 Drivers/STM32L1xx_HAL_Driver/Src/stm32l1xx_hal.o
 .debug_macro   0x00001e85     0xb460 Drivers/STM32L1xx_HAL_Driver/Src/stm32l1xx_hal.o
 .debug_macro   0x0000d2e5       0x43 Drivers/STM32L1xx_HAL_Driver/Src/stm32l1xx_hal.o
 .debug_macro   0x0000d328     0x347f Drivers/STM32L1xx_HAL_Driver/Src/stm32l1xx_hal.o
 .debug_macro   0x000107a7       0x52 Drivers/STM32L1xx_HAL_Driver/Src/stm32l1xx_hal.o
 .debug_macro   0x000107f9       0x35 Drivers/STM32L1xx_HAL_Driver/Src/stm32l1xx_hal.o
 .debug_macro   0x0001082e       0x9c Drivers/STM32L1xx_HAL_Driver/Src/stm32l1xx_hal.o
 .debug_macro   0x000108ca       0x16 Drivers/STM32L1xx_HAL_Driver/Src/stm32l1xx_hal.o
 .debug_macro   0x000108e0       0x97 Drivers/STM32L1xx_HAL_Driver/Src/stm32l1xx_hal.o
 .debug_macro   0x00010977      0x30d Drivers/STM32L1xx_HAL_Driver/Src/stm32l1xx_hal.o
 .debug_macro   0x00010c84       0xfd Drivers/STM32L1xx_HAL_Driver/Src/stm32l1xx_hal.o
 .debug_macro   0x00010d81       0x10 Drivers/STM32L1xx_HAL_Driver/Src/stm32l1xx_hal.o
 .debug_macro   0x00010d91       0x52 Drivers/STM32L1xx_HAL_Driver/Src/stm32l1xx_hal.o
 .debug_macro   0x00010de3       0x1f Drivers/STM32L1xx_HAL_Driver/Src/stm32l1xx_hal.o
 .debug_macro   0x00010e02       0x43 Drivers/STM32L1xx_HAL_Driver/Src/stm32l1xx_hal.o
 .debug_macro   0x00010e45       0x20 Drivers/STM32L1xx_HAL_Driver/Src/stm32l1xx_hal.o
 .debug_macro   0x00010e65      0x187 Drivers/STM32L1xx_HAL_Driver/Src/stm32l1xx_hal.o
 .debug_macro   0x00010fec       0x10 Drivers/STM32L1xx_HAL_Driver/Src/stm32l1xx_hal.o
 .debug_macro   0x00010ffc       0x1c Drivers/STM32L1xx_HAL_Driver/Src/stm32l1xx_hal.o
 .debug_macro   0x00011018       0x52 Drivers/STM32L1xx_HAL_Driver/Src/stm32l1xx_hal.o
 .debug_macro   0x0001106a       0x40 Drivers/STM32L1xx_HAL_Driver/Src/stm32l1xx_hal.o
 .debug_macro   0x000110aa       0x10 Drivers/STM32L1xx_HAL_Driver/Src/stm32l1xx_hal.o
 .debug_macro   0x000110ba       0x40 Drivers/STM32L1xx_HAL_Driver/Src/stm32l1xx_hal.o
 .debug_macro   0x000110fa       0xd7 Drivers/STM32L1xx_HAL_Driver/Src/stm32l1xx_hal.o
 .debug_macro   0x000111d1       0x16 Drivers/STM32L1xx_HAL_Driver/Src/stm32l1xx_hal.o
 .debug_macro   0x000111e7      0x18b Drivers/STM32L1xx_HAL_Driver/Src/stm32l1xx_hal.o
 .debug_macro   0x00011372       0x50 Drivers/STM32L1xx_HAL_Driver/Src/stm32l1xx_hal.o
 .debug_macro   0x000113c2      0xe3f Drivers/STM32L1xx_HAL_Driver/Src/stm32l1xx_hal.o
 .debug_macro   0x00012201      0x1e9 Drivers/STM32L1xx_HAL_Driver/Src/stm32l1xx_hal.o
 .debug_macro   0x000123ea      0x141 Drivers/STM32L1xx_HAL_Driver/Src/stm32l1xx_hal.o
 .debug_macro   0x0001252b       0xb3 Drivers/STM32L1xx_HAL_Driver/Src/stm32l1xx_hal.o
 .debug_macro   0x000125de      0x25d Drivers/STM32L1xx_HAL_Driver/Src/stm32l1xx_hal.o
 .debug_macro   0x0001283b      0x23c Drivers/STM32L1xx_HAL_Driver/Src/stm32l1xx_hal.o
 .debug_macro   0x00012a77      0x64d Drivers/STM32L1xx_HAL_Driver/Src/stm32l1xx_hal.o
 .debug_macro   0x000130c4      0x16f Drivers/STM32L1xx_HAL_Driver/Src/stm32l1xx_hal.o
 .debug_macro   0x00013233      0x11c Drivers/STM32L1xx_HAL_Driver/Src/stm32l1xx_hal.o
 .debug_macro   0x0001334f      0x574 Drivers/STM32L1xx_HAL_Driver/Src/stm32l1xx_hal.o
 .debug_macro   0x000138c3      0x1ef Drivers/STM32L1xx_HAL_Driver/Src/stm32l1xx_hal.o
 .debug_macro   0x00013ab2       0x22 Drivers/STM32L1xx_HAL_Driver/Src/stm32l1xx_hal.o
 .debug_macro   0x00013ad4      0x1ed Drivers/STM32L1xx_HAL_Driver/Src/stm32l1xx_hal.o
 .debug_macro   0x00013cc1       0x1c Drivers/STM32L1xx_HAL_Driver/Src/stm32l1xx_hal.o
 .debug_macro   0x00013cdd      0x757 Drivers/STM32L1xx_HAL_Driver/Src/stm32l1xx_hal.o
 .debug_macro   0x00014434       0xad Drivers/STM32L1xx_HAL_Driver/Src/stm32l1xx_hal.o
 .debug_macro   0x000144e1      0x287 Drivers/STM32L1xx_HAL_Driver/Src/stm32l1xx_hal.o
 .debug_macro   0x00014768      0x3df Drivers/STM32L1xx_HAL_Driver/Src/stm32l1xx_hal.o
 .debug_macro   0x00014b47      0x325 Drivers/STM32L1xx_HAL_Driver/Src/stm32l1xx_hal_adc.o
 .debug_macro   0x00014e6c      0x308 Drivers/STM32L1xx_HAL_Driver/Src/stm32l1xx_hal_cortex.o
 .debug_macro   0x00015174      0x308 Drivers/STM32L1xx_HAL_Driver/Src/stm32l1xx_hal_dma.o
 .debug_macro   0x0001547c      0x341 Drivers/STM32L1xx_HAL_Driver/Src/stm32l1xx_hal_gpio.o
 .debug_macro   0x000157bd      0x344 Drivers/STM32L1xx_HAL_Driver/Src/stm32l1xx_hal_rcc.o
 .debug_macro   0x00015b01      0x30e Drivers/STM32L1xx_HAL_Driver/Src/stm32l1xx_hal_spi.o
 .debug_macro   0x00015e0f      0x308 Drivers/STM32L1xx_HAL_Driver/Src/stm32l1xx_hal_spi_ex.o
 .debug_macro   0x00016117      0x309 Drivers/STM32L1xx_HAL_Driver/Src/stm32l1xx_hal_tim.o
 .debug_macro   0x00016420      0x309 Drivers/STM32L1xx_HAL_Driver/Src/stm32l1xx_hal_uart.o
 .debug_macro   0x00016729      0x326 Src/Kalibrator.o
 .debug_macro   0x00016a4f       0x22 Src/Kalibrator.o
 .debug_macro   0x00016a71       0x1c Src/Kalibrator.o
 .debug_macro   0x00016a8d      0x31e Src/Modbus.o
 .debug_macro   0x00016dab      0x326 Src/adc.o
 .debug_macro   0x000170d1      0x312 Src/dma.o
 .debug_macro   0x000173e3      0x312 Src/gpio.o
 .debug_macro   0x000176f5      0x35e Src/main.o
 .debug_macro   0x00017a53      0x31c Src/spi.o
 .debug_macro   0x00017d6f      0x308 Src/stm32l1xx_hal_msp.o
 .debug_macro   0x00018077      0x324 Src/stm32l1xx_it.o
 .debug_macro   0x0001839b      0x30e Src/system_stm32l1xx.o
 .debug_macro   0x000186a9      0x312 Src/tim.o
 .debug_macro   0x000189bb      0x326 Src/usart.o

.debug_line     0x00000000     0xe077
 .debug_line    0x00000000      0x939 Drivers/STM32L1xx_HAL_Driver/Src/stm32l1xx_hal.o
 .debug_line    0x00000939      0xc72 Drivers/STM32L1xx_HAL_Driver/Src/stm32l1xx_hal_adc.o
 .debug_line    0x000015ab      0x9e5 Drivers/STM32L1xx_HAL_Driver/Src/stm32l1xx_hal_cortex.o
 .debug_line    0x00001f90      0xa1b Drivers/STM32L1xx_HAL_Driver/Src/stm32l1xx_hal_dma.o
 .debug_line    0x000029ab      0x92d Drivers/STM32L1xx_HAL_Driver/Src/stm32l1xx_hal_gpio.o
 .debug_line    0x000032d8      0xdee Drivers/STM32L1xx_HAL_Driver/Src/stm32l1xx_hal_rcc.o
 .debug_line    0x000040c6     0x100c Drivers/STM32L1xx_HAL_Driver/Src/stm32l1xx_hal_spi.o
 .debug_line    0x000050d2      0x813 Drivers/STM32L1xx_HAL_Driver/Src/stm32l1xx_hal_spi_ex.o
 .debug_line    0x000058e5     0x1585 Drivers/STM32L1xx_HAL_Driver/Src/stm32l1xx_hal_tim.o
 .debug_line    0x00006e6a      0xe45 Drivers/STM32L1xx_HAL_Driver/Src/stm32l1xx_hal_uart.o
 .debug_line    0x00007caf      0x8a4 Src/Kalibrator.o
 .debug_line    0x00008553      0x890 Src/Modbus.o
 .debug_line    0x00008de3      0x83f Src/adc.o
 .debug_line    0x00009622      0x7db Src/dma.o
 .debug_line    0x00009dfd      0x7ed Src/gpio.o
 .debug_line    0x0000a5ea      0x8f2 Src/main.o
 .debug_line    0x0000aedc      0x81a Src/spi.o
 .debug_line    0x0000b6f6      0x7e4 Src/stm32l1xx_hal_msp.o
 .debug_line    0x0000beda      0x8d8 Src/stm32l1xx_it.o
 .debug_line    0x0000c7b2      0x806 Src/system_stm32l1xx.o
 .debug_line    0x0000cfb8      0x807 Src/tim.o
 .debug_line    0x0000d7bf      0x83b Src/usart.o
 .debug_line    0x0000dffa       0x7d startup/startup_stm32l151xc.o

.debug_str      0x00000000    0x8c80d
 .debug_str     0x00000000    0x894bd Drivers/STM32L1xx_HAL_Driver/Src/stm32l1xx_hal.o
                              0x8981a (size before relaxing)
 .debug_str     0x000894bd      0x70f Drivers/STM32L1xx_HAL_Driver/Src/stm32l1xx_hal_adc.o
                              0x89916 (size before relaxing)
 .debug_str     0x00089bcc      0x3d3 Drivers/STM32L1xx_HAL_Driver/Src/stm32l1xx_hal_cortex.o
                              0x89967 (size before relaxing)
 .debug_str     0x00089f9f      0x216 Drivers/STM32L1xx_HAL_Driver/Src/stm32l1xx_hal_dma.o
                              0x89517 (size before relaxing)
 .debug_str     0x0008a1b5      0x28e Drivers/STM32L1xx_HAL_Driver/Src/stm32l1xx_hal_gpio.o
                              0x893f7 (size before relaxing)
 .debug_str     0x0008a443      0x568 Drivers/STM32L1xx_HAL_Driver/Src/stm32l1xx_hal_rcc.o
                              0x897b8 (size before relaxing)
 .debug_str     0x0008a9ab      0x551 Drivers/STM32L1xx_HAL_Driver/Src/stm32l1xx_hal_spi.o
                              0x898a9 (size before relaxing)
 .debug_str     0x0008aefc       0x3b Drivers/STM32L1xx_HAL_Driver/Src/stm32l1xx_hal_spi_ex.o
                              0x894f3 (size before relaxing)
 .debug_str     0x0008af37      0xe34 Drivers/STM32L1xx_HAL_Driver/Src/stm32l1xx_hal_tim.o
                              0x8a1ed (size before relaxing)
 .debug_str     0x0008bd6b      0x4c6 Drivers/STM32L1xx_HAL_Driver/Src/stm32l1xx_hal_uart.o
                              0x898aa (size before relaxing)
 .debug_str     0x0008c231      0x180 Src/Kalibrator.o
                              0x89664 (size before relaxing)
 .debug_str     0x0008c3b1       0xa3 Src/Modbus.o
                              0x89604 (size before relaxing)
 .debug_str     0x0008c454       0x67 Src/adc.o
                              0x8964d (size before relaxing)
 .debug_str     0x0008c4bb       0x19 Src/dma.o
                              0x8948d (size before relaxing)
 .debug_str     0x0008c4d4       0x1b Src/gpio.o
                              0x8954d (size before relaxing)
 .debug_str     0x0008c4ef       0xfd Src/main.o
                              0x8a23f (size before relaxing)
 .debug_str     0x0008c5ec       0x17 Src/spi.o
                              0x895f1 (size before relaxing)
 .debug_str     0x0008c603       0x1b Src/stm32l1xx_hal_msp.o
                              0x8949c (size before relaxing)
 .debug_str     0x0008c61e      0x147 Src/stm32l1xx_it.o
                              0x89755 (size before relaxing)
 .debug_str     0x0008c765       0x72 Src/system_stm32l1xx.o
                              0x89218 (size before relaxing)
 .debug_str     0x0008c7d7       0x1c Src/tim.o
                              0x89944 (size before relaxing)
 .debug_str     0x0008c7f3       0x1a Src/usart.o
                              0x89608 (size before relaxing)

.comment        0x00000000       0x6e
 .comment       0x00000000       0x6e Drivers/STM32L1xx_HAL_Driver/Src/stm32l1xx_hal.o
                                 0x6f (size before relaxing)
 .comment       0x0000006e       0x6f Drivers/STM32L1xx_HAL_Driver/Src/stm32l1xx_hal_adc.o
 .comment       0x0000006e       0x6f Drivers/STM32L1xx_HAL_Driver/Src/stm32l1xx_hal_cortex.o
 .comment       0x0000006e       0x6f Drivers/STM32L1xx_HAL_Driver/Src/stm32l1xx_hal_dma.o
 .comment       0x0000006e       0x6f Drivers/STM32L1xx_HAL_Driver/Src/stm32l1xx_hal_gpio.o
 .comment       0x0000006e       0x6f Drivers/STM32L1xx_HAL_Driver/Src/stm32l1xx_hal_rcc.o
 .comment       0x0000006e       0x6f Drivers/STM32L1xx_HAL_Driver/Src/stm32l1xx_hal_spi.o
 .comment       0x0000006e       0x6f Drivers/STM32L1xx_HAL_Driver/Src/stm32l1xx_hal_spi_ex.o
 .comment       0x0000006e       0x6f Drivers/STM32L1xx_HAL_Driver/Src/stm32l1xx_hal_tim.o
 .comment       0x0000006e       0x6f Drivers/STM32L1xx_HAL_Driver/Src/stm32l1xx_hal_uart.o
 .comment       0x0000006e       0x6f Src/Kalibrator.o
 .comment       0x0000006e       0x6f Src/Modbus.o
 .comment       0x0000006e       0x6f Src/adc.o
 .comment       0x0000006e       0x6f Src/dma.o
 .comment       0x0000006e       0x6f Src/gpio.o
 .comment       0x0000006e       0x6f Src/main.o
 .comment       0x0000006e       0x6f Src/spi.o
 .comment       0x0000006e       0x6f Src/stm32l1xx_hal_msp.o
 .comment       0x0000006e       0x6f Src/stm32l1xx_it.o
 .comment       0x0000006e       0x6f Src/system_stm32l1xx.o
 .comment       0x0000006e       0x6f Src/tim.o
 .comment       0x0000006e       0x6f Src/usart.o

.debug_frame    0x00000000     0x1f74
 .debug_frame   0x00000000      0x168 Drivers/STM32L1xx_HAL_Driver/Src/stm32l1xx_hal.o
 .debug_frame   0x00000168      0x2e0 Drivers/STM32L1xx_HAL_Driver/Src/stm32l1xx_hal_adc.o
 .debug_frame   0x00000448      0x154 Drivers/STM32L1xx_HAL_Driver/Src/stm32l1xx_hal_cortex.o
 .debug_frame   0x0000059c      0x158 Drivers/STM32L1xx_HAL_Driver/Src/stm32l1xx_hal_dma.o
 .debug_frame   0x000006f4       0xc4 Drivers/STM32L1xx_HAL_Driver/Src/stm32l1xx_hal_gpio.o
 .debug_frame   0x000007b8      0x160 Drivers/STM32L1xx_HAL_Driver/Src/stm32l1xx_hal_rcc.o
 .debug_frame   0x00000918      0x3c4 Drivers/STM32L1xx_HAL_Driver/Src/stm32l1xx_hal_spi.o
 .debug_frame   0x00000cdc       0x2c Drivers/STM32L1xx_HAL_Driver/Src/stm32l1xx_hal_spi_ex.o
 .debug_frame   0x00000d08      0x9c4 Drivers/STM32L1xx_HAL_Driver/Src/stm32l1xx_hal_tim.o
 .debug_frame   0x000016cc      0x378 Drivers/STM32L1xx_HAL_Driver/Src/stm32l1xx_hal_uart.o
 .debug_frame   0x00001a44       0x74 Src/Kalibrator.o
 .debug_frame   0x00001ab8       0x74 Src/Modbus.o
 .debug_frame   0x00001b2c       0x70 Src/adc.o
 .debug_frame   0x00001b9c       0x2c Src/dma.o
 .debug_frame   0x00001bc8       0x34 Src/gpio.o
 .debug_frame   0x00001bfc       0x9c Src/main.o
 .debug_frame   0x00001c98       0x60 Src/spi.o
 .debug_frame   0x00001cf8       0x2c Src/stm32l1xx_hal_msp.o
 .debug_frame   0x00001d24      0x128 Src/stm32l1xx_it.o
 .debug_frame   0x00001e4c       0x30 Src/system_stm32l1xx.o
 .debug_frame   0x00001e7c       0x64 Src/tim.o
 .debug_frame   0x00001ee0       0x68 Src/usart.o
 .debug_frame   0x00001f48       0x2c c:/ac6/systemworkbench/plugins/fr.ac6.mcu.externaltools.arm-none.win32_1.13.3.201707031232/tools/compiler/bin/../lib/gcc/arm-none-eabi/5.4.1/../../../../arm-none-eabi/lib/armv7-m\libc_nano.a(lib_a-init.o)
